~/projects/llm-demo/ai.sh ❯ git init                                                                                                                                           ▼ Py llm-demo 3.11.3 04:53:07
Initialized empty Git repository in /Users/yotaro/projects/llm-demo/ai.sh/.git/
~/projects/llm-demo/ai.sh main ?4 ❯ git commit -m "Initial commit"                                                                                                             ▼ Py llm-demo 3.11.3 04:53:10
On branch main

Initial commit

Untracked files:
  (use "git add <file>..." to include in what will be committed)
	Cargo.lock
	Cargo.toml
	src/
	target/

nothing added to commit but untracked files present (use "git add" to track)
~/projects/llm-demo/ai.sh main ?4 ❯ ai --no_pane create .gitignore for rust                                                                                                    ▼ Py llm-demo 3.11.3 04:53:21
Here is a sample .gitignore file for:
```
/target/
*.rs.bk
Cargo.lock
```
This will ignore the target directory (where compiled code and dependencies are stored), any .rs.bk backup files, and the Cargo.lock file (which pins dependencies to specific versions).
~/projects/llm-demo/ai.sh main ?4 ❯ git status                                                                                                                              6s ▼ Py llm-demo 3.11.3 04:53:44
On branch main

No commits yet

Untracked files:
  (use "git add <file>..." to include in what will be committed)
	.gitignore
	Cargo.toml
	src/

nothing added to commit but untracked files present (use "git add" to track)